201	743	C	CDS	test_runprokka_H299.0001b_00001	NA	| hypothetical protein | NA | NA | NA
740	1339	C	CDS	test_runprokka_H299.0001i_00002	NA	| hypothetical protein | NA | NA | NA
1489	2187	C	CDS	test_runprokka_H299.0001i_00003	NA	| hypothetical protein | NA | NA | NA
2187	2483	C	CDS	test_runprokka_H299.0001i_00004	NA	| hypothetical protein | NA | NA | NA
2518	3453	C	CDS	test_runprokka_H299.0001b_00005	NA	| hypothetical protein | NA | NA | NA
201	743	C	CDS	test_runprokka_H299.0002b_00006	NA	| hypothetical protein | NA | NA | NA
740	1483	C	CDS	test_runprokka_H299.0002i_00007	NA	| hypothetical protein | NA | NA | NA
1489	2187	C	CDS	test_runprokka_H299.0002i_00008	NA	| hypothetical protein | NA | NA | NA
2187	2516	C	CDS	test_runprokka_H299.0002i_00009	NA	| hypothetical protein | NA | NA | NA
2513	5092	C	CDS	test_runprokka_H299.0002i_00010	NA	| hypothetical protein | NA | NA | NA
5085	5519	C	CDS	test_runprokka_H299.0002i_00011	NA	| hypothetical protein | NA | NA | NA
5501	5923	C	CDS	test_runprokka_H299.0002i_00012	NA	| hypothetical protein | NA | NA | NA
5939	6679	C	CDS	test_runprokka_H299.0002i_00013	NA	| hypothetical protein | NA | NA | NA
6687	6842	C	CDS	test_runprokka_H299.0002b_00014	NA	| hypothetical protein | NA | NA | NA
163	870	D	CDS	test_runprokka_H299.0003b_00015	NA	| hypothetical protein | NA | NA | NA
863	1795	D	CDS	test_runprokka_H299.0003b_00016	NA	| hypothetical protein | NA | NA | NA
