 3 	 140 	C	CDS	test_runprokka_H299.0001b_00001	NA	| NA | NA |  ID=1_1;partial=10;start_type=ATG;rbs_motif=GGAG/GAGG;rbs_spacer=5-10bp;gc_cont=0.580 | NA
 201 	 743 	C	CDS	test_runprokka_H299.0001i_00002	NA	| NA | NA |  ID=1_2;partial=00;start_type=GTG;rbs_motif=None;rbs_spacer=None;gc_cont=0.562 | NA
 740 	 1339 	C	CDS	test_runprokka_H299.0001i_00003	NA	| NA | NA |  ID=1_3;partial=00;start_type=ATG;rbs_motif=AGGAG;rbs_spacer=5-10bp;gc_cont=0.593 | NA
 1489 	 2187 	C	CDS	test_runprokka_H299.0001i_00004	NA	| NA | NA |  ID=1_4;partial=00;start_type=ATG;rbs_motif=None;rbs_spacer=None;gc_cont=0.558 | NA
 2187 	 2483 	C	CDS	test_runprokka_H299.0001i_00005	NA	| NA | NA |  ID=1_5;partial=00;start_type=ATG;rbs_motif=GGAG/GAGG;rbs_spacer=5-10bp;gc_cont=0.404 | NA
 2518 	 3480 	C	CDS	test_runprokka_H299.0001b_00006	NA	| NA | NA |  ID=1_6;partial=01;start_type=Edge;rbs_motif=None;rbs_spacer=None;gc_cont=0.442 | NA
 3 	 140 	C	CDS	test_runprokka_H299.0002b_00007	NA	| NA | NA |  ID=2_1;partial=10;start_type=ATG;rbs_motif=GGAG/GAGG;rbs_spacer=5-10bp;gc_cont=0.572 | NA
 201 	 743 	C	CDS	test_runprokka_H299.0002i_00008	NA	| NA | NA |  ID=2_2;partial=00;start_type=GTG;rbs_motif=None;rbs_spacer=None;gc_cont=0.547 | NA
 740 	 1483 	C	CDS	test_runprokka_H299.0002i_00009	NA	| NA | NA |  ID=2_3;partial=00;start_type=ATG;rbs_motif=None;rbs_spacer=None;gc_cont=0.594 | NA
 1489 	 2187 	C	CDS	test_runprokka_H299.0002i_00010	NA	| NA | NA |  ID=2_4;partial=00;start_type=ATG;rbs_motif=AGxAGG/AGGxGG;rbs_spacer=5-10bp;gc_cont=0.557 | NA
 2187 	 2516 	C	CDS	test_runprokka_H299.0002i_00011	NA	| NA | NA |  ID=2_5;partial=00;start_type=ATG;rbs_motif=GGAGG;rbs_spacer=5-10bp;gc_cont=0.567 | NA
 2513 	 5092 	C	CDS	test_runprokka_H299.0002i_00012	NA	| NA | NA |  ID=2_6;partial=00;start_type=ATG;rbs_motif=AGGAG;rbs_spacer=5-10bp;gc_cont=0.592 | NA
 5085 	 5519 	C	CDS	test_runprokka_H299.0002i_00013	NA	| NA | NA |  ID=2_7;partial=00;start_type=GTG;rbs_motif=None;rbs_spacer=None;gc_cont=0.559 | NA
 5501 	 5923 	C	CDS	test_runprokka_H299.0002i_00014	NA	| NA | NA |  ID=2_8;partial=00;start_type=ATG;rbs_motif=GGAG/GAGG;rbs_spacer=5-10bp;gc_cont=0.515 | NA
 5939 	 6679 	C	CDS	test_runprokka_H299.0002i_00015	NA	| NA | NA |  ID=2_9;partial=00;start_type=ATG;rbs_motif=GGAG/GAGG;rbs_spacer=5-10bp;gc_cont=0.583 | NA
 6687 	 7079 	C	CDS	test_runprokka_H299.0002b_00016	NA	| NA | NA |  ID=2_10;partial=01;start_type=Edge;rbs_motif=None;rbs_spacer=None;gc_cont=0.539 | NA
 1 	 870 	D	CDS	test_runprokka_H299.0003b_00017	NA	| NA | NA |  ID=3_1;partial=10;start_type=Edge;rbs_motif=None;rbs_spacer=None;gc_cont=0.303 | NA
 863 	 1795 	D	CDS	test_runprokka_H299.0003i_00018	NA	| NA | NA |  ID=3_2;partial=00;start_type=GTG;rbs_motif=AGxAGG/AGGxGG;rbs_spacer=5-10bp;gc_cont=0.309 | NA
 1890 	 2582 	D	CDS	test_runprokka_H299.0003b_00019	NA	| NA | NA |  ID=3_3;partial=01;start_type=ATG;rbs_motif=None;rbs_spacer=None;gc_cont=0.289 | NA
